// Jest Snapshot v1, https://goo.gl/fbAQLP

exports[`jest.js generateTestConfig should generate proper config 1`] = `
Array [
  "--updateSnapshot",
  "--no-cache",
  "--runInBand",
  "--config",
  Object {
    "collectCoverage": true,
    "collectCoverageFrom": Array [
      "lib/**/*.js",
      "bin",
      "src",
      "another-folder",
    ],
    "coverageDirectory": "coverage",
    "moduleFileExtensions": Array [
      "js",
      "ts",
      "jsx",
      "json",
      "png",
      "yml",
    ],
    "notify": true,
    "setupFiles": Array [
      "beforeTestsSetup.js",
    ],
    "testEnvironment": "node",
    "testPathIgnorePatterns": Array [
      "<rootDir>/node_modules/",
      "<rootDir>/__tests__/test-utils",
    ],
    "testURL": "http://localhost:9966",
  },
  "these",
  "files",
  "only",
]
`;
