// Jest Snapshot v1, https://goo.gl/fbAQLP

exports[`load-config should work without any config files present 1`] = `
Object {
  "env": Object {},
  "environment": "test",
  "messages": Object {},
  "settings": Object {},
  "store": Object {},
}
`;
